discovery bmx-bumps/1
discovery bmx-bumps/2
discovery cat-girl/1
discovery cat-girl/2
discovery classic-car/1
discovery classic-car/2
discovery color-run/1
discovery color-run/2
discovery dancing/1
discovery dancing/2
discovery drone/1
discovery drone/2
discovery lindy-hop/1
discovery lindy-hop/2
discovery lucia/1
discovery lucia/2
discovery motocross-bumps/1
discovery motocross-bumps/2
discovery paragliding/1
discovery paragliding/2
discovery sheep/1
discovery sheep/2
discovery tractor-sand/1
discovery tractor-sand/2
