{
  "comparisons": {
    "CycleGate-LOSO_global16": {
      "mean": -0.002086234869547963,
      "ci95": [
        -0.004860546057395536,
        -0.00013577503001039118
      ]
    },
    "GateOnly-LOSO_global16": {
      "mean": -0.0021744059668800156,
      "ci95": [
        -0.00492138076362608,
        -0.0002013167451695765
      ]
    },
    "CycleGate-GateOnly": {
      "mean": 8.817109733205246e-05,
      "ci95": [
        -0.00012119523905231022,
        0.000342895195372848
      ]
    }
  },
  "LOSO_global_winners": {
    "ALL/B": 12
  },
  "cycle_positive_but_harmful": 33,
  "positive_cycle": 168
}
